
> react-kavia@0.1.0 start
> react-scripts start

Attempting to bind to HOST environment variable: 0.0.0.0
If this was unintentional, check that you haven't mistakenly set it in your shell.
Learn more here: https://cra.link/advanced-config

(node:2659) [DEP_WEBPACK_DEV_SERVER_ON_AFTER_SETUP_MIDDLEWARE] DeprecationWarning: 'onAfterSetupMiddleware' option is deprecated. Please use the 'setupMiddlewares' option.
(Use `node --trace-deprecation ...` to show where the warning was created)
(node:2659) [DEP_WEBPACK_DEV_SERVER_ON_BEFORE_SETUP_MIDDLEWARE] DeprecationWarning: 'onBeforeSetupMiddleware' option is deprecated. Please use the 'setupMiddlewares' option.
Starting the development server...

Compiled successfully!

You can now view react-kavia in the browser.

  Local:            http://localhost:3000
  On Your Network:  http://172.17.0.2:3000

Note that the development build is not optimized.
To create a production build, use npm run build.

webpack compiled successfully
Compiling...
Compiled successfully!
webpack compiled successfully
Compiling...
Compiled successfully!
webpack compiled successfully
Compiling...
Failed to compile.

Module not found: Error: Can't resolve 'react-router-dom' in '/home/kavia/workspace/code-generation/cozydreams-105076-ca60f549/frontend_web_app/src'
WARNING in [eslint] 
src/App.js
  Line 4:8:  'theme' is defined but never used  no-unused-vars

ERROR in ./src/App.js 6:0-74
Module not found: Error: Can't resolve 'react-router-dom' in '/home/kavia/workspace/code-generation/cozydreams-105076-ca60f549/frontend_web_app/src'

ERROR in ./src/components/BottomNavBar.js 6:0-56
Module not found: Error: Can't resolve 'react-router-dom' in '/home/kavia/workspace/code-generation/cozydreams-105076-ca60f549/frontend_web_app/src/components'

webpack compiled with 2 errors and 1 warning
Compiling...
Failed to compile.

Module not found: Error: Can't resolve 'react-router-dom' in '/home/kavia/workspace/code-generation/cozydreams-105076-ca60f549/frontend_web_app/src'
LOG from webpack.FileSystemInfo
<w> Managed item /home/kavia/workspace/code-generation/cozydreams-105076-ca60f549/frontend_web_app/node_modules/react-router-dom isn't a directory or doesn't contain a package.json (see snapshot.managedPaths option)
+ 13 hidden lines

WARNING in [eslint] 
src/App.js
  Line 4:8:  'theme' is defined but never used  no-unused-vars

ERROR in ./src/App.js 6:0-74
Module not found: Error: Can't resolve 'react-router-dom' in '/home/kavia/workspace/code-generation/cozydreams-105076-ca60f549/frontend_web_app/src'

ERROR in ./src/components/BottomNavBar.js 6:0-56
Module not found: Error: Can't resolve 'react-router-dom' in '/home/kavia/workspace/code-generation/cozydreams-105076-ca60f549/frontend_web_app/src/components'

webpack compiled with 2 errors and 1 warning
Compiling...
Compiled with warnings.

[eslint] 
src/App.js
  Line 4:8:  'theme' is defined but never used  no-unused-vars

Search for the keywords to learn more about each warning.
To ignore, add // eslint-disable-next-line to the line before.

WARNING in [eslint] 
src/App.js
  Line 4:8:  'theme' is defined but never used  no-unused-vars

webpack compiled with 1 warning
Compiling...
Compiled with warnings.

[eslint] 
src/App.js
  Line 4:8:  'theme' is defined but never used  no-unused-vars

Search for the keywords to learn more about each warning.
To ignore, add // eslint-disable-next-line to the line before.

WARNING in [eslint] 
src/App.js
  Line 4:8:  'theme' is defined but never used  no-unused-vars

webpack compiled with 1 warning
